// Jest Snapshot v1, https://goo.gl/fbAQLP

exports[`renders correctly 1`] = `
<View
  style={
    Object {
      "alignItems": "center",
      "backgroundColor": "#F5FCFF",
      "flex": 1,
      "justifyContent": "center",
      "textAlign": "center",
    }
  }
>
  <Text
    style={
      Object {
        "fontSize": 20,
        "margin": 10,
        "textAlign": "center",
      }
    }
  >
    ToDo List
  </Text>
  <View>
    <Text
      style={
        Object {
          "padding": 10,
        }
      }
    >
      1. Go to the store
    </Text>
    <Text
      style={
        Object {
          "padding": 10,
        }
      }
    >
      2. Get milk
    </Text>
    <Text
      style={
        Object {
          "padding": 10,
        }
      }
    >
      3. Have fun
    </Text>
  </View>
</View>
`;
